tsconfig.json(21,27): error TS5103: Invalid value for '--ignoreDeprecations'.
